// Jest Snapshot v1, https://goo.gl/fbAQLP

exports[`<Login /> Should display a fullscreen spinner if it is submitting. 1`] = `
<vuecomponent-stub
  fullscreen="true"
/>
`;

exports[`<Login /> Should match snapshot. 1`] = `
<div>
  <h1>
    Login
  </h1>
   
  <form>
    <vuecomponent-stub
      name="username"
      placeholder="joe_bloggs"
    />
     
    <validationmessage-stub
      style="display: none;"
    />
     
    <vuecomponent-stub
      name="password"
      placeholder="•••••••••"
      type="password"
    />
     
    <validationmessage-stub
      style="display: none;"
    />
     
    <label>
      
      Remember Me?
      
      <vuecomponent-stub />
    </label>
     
    <vuecomponent-stub
      data-cy-login-btn=""
      type="success"
    />
  </form>
</div>
`;
