// Jest Snapshot v1, https://goo.gl/fbAQLP

exports[`SignUp Should match snapshot. 1`] = `
<div>
  <h1>
    Sign Up
  </h1>
   
  <form>
    <div>
      <vuecomponent-stub
        display="inline-block"
        inputwidth="80px"
        name="first_name"
        placeholder="Joseph"
      />
       
      <vuecomponent-stub
        display="inline-block"
        inputwidth="100px"
        name="last_name"
        placeholder="Bloggs"
      />
       
      <vuecomponent-stub
        display="inline-block"
        inputwidth="218px"
        name="email"
        placeholder="joebloggs@example.com"
      />
    </div>
     
    <div>
      <vuecomponent-stub
        display="inline-block"
        name="username"
        placeholder="joe_bloggs"
      />
       
      <vuecomponent-stub
        display="inline-block"
        inputwidth="240px"
        name="password"
        placeholder="Must have at least 5 characters."
        type="password"
      />
    </div>
     
    <vuecomponent-stub
      type="success"
    />
  </form>
</div>
`;

exports[`SignUp Should render a fullscreen spinner if the component is submitting. 1`] = `
<vuecomponent-stub
  fullscreen="true"
/>
`;
